{"level":"info","message":"🚀 Felicity Server running on port 5000","timestamp":"2026-07-18 18:40:00"}
{"level":"info","message":"🚀 Felicity Server running on port 5000","timestamp":"2026-07-18 18:41:36"}
{"0":"O","1":"p","10":"`","11":"u","12":"s","13":"e","14":"r","15":"s","16":".","17":"f","18":"i","19":"n","2":"e","20":"d","21":"O","22":"n","23":"e","24":"(","25":")","26":"`","27":" ","28":"b","29":"u","3":"r","30":"f","31":"f","32":"e","33":"r","34":"i","35":"n","36":"g","37":" ","38":"t","39":"i","4":"a","40":"m","41":"e","42":"d","43":" ","44":"o","45":"u","46":"t","47":" ","48":"a","49":"f","5":"t","50":"t","51":"e","52":"r","53":" ","54":"1","55":"0","56":"0","57":"0","58":"0","59":"m","6":"i","60":"s","7":"o","8":"n","9":" ","level":"error","message":"Admin seeding error:","timestamp":"2026-07-18 18:41:46"}
{"level":"info","message":"🚀 Felicity Server running on port 5000","timestamp":"2026-07-18 18:43:06"}
{"level":"info","message":"🚀 Felicity Server running on port 5000","timestamp":"2026-07-18 18:43:47"}
{"level":"info","message":"🚀 Felicity Server running on port 5000","timestamp":"2026-07-18 18:53:19"}
{"level":"http","message":"GET /api/events/trending 200 - 65ms","timestamp":"2026-07-18 18:53:55"}
{"level":"http","message":"GET /api/events/trending 304 - 49ms","timestamp":"2026-07-18 18:53:55"}
{"level":"http","message":"GET /api/events/trending 304 - 48ms","timestamp":"2026-07-18 18:53:56"}
{"level":"http","message":"GET /api/events/trending 304 - 51ms","timestamp":"2026-07-18 18:53:56"}
{"level":"http","message":"GET /api/events/trending 304 - 47ms","timestamp":"2026-07-18 18:53:56"}
{"level":"http","message":"GET /api/events/trending 304 - 47ms","timestamp":"2026-07-18 18:53:56"}
{"level":"http","message":"GET /api/events?page=1&limit=12 200 - 206ms","timestamp":"2026-07-18 18:53:56"}
{"level":"http","message":"GET /api/events?page=1&limit=12 304 - 143ms","timestamp":"2026-07-18 18:53:56"}
{"level":"http","message":"GET /api/events?page=1&limit=12 304 - 148ms","timestamp":"2026-07-18 18:53:56"}
{"level":"http","message":"OPTIONS /api/auth/login 204 - 4ms","timestamp":"2026-07-18 18:54:11"}
{"level":"http","message":"POST /api/auth/login 200 - 390ms","timestamp":"2026-07-18 18:54:11"}
{"level":"http","message":"OPTIONS /api/admin/stats 204 - 2ms","timestamp":"2026-07-18 18:54:11"}
{"level":"http","message":"OPTIONS /api/admin/stats 204 - 2ms","timestamp":"2026-07-18 18:54:11"}
{"level":"http","message":"GET /api/admin/stats 200 - 112ms","timestamp":"2026-07-18 18:54:11"}
{"level":"http","message":"GET /api/admin/stats 304 - 116ms","timestamp":"2026-07-18 18:54:11"}
{"level":"http","message":"OPTIONS /api/admin/organizers 204 - 2ms","timestamp":"2026-07-18 18:54:14"}
{"level":"http","message":"OPTIONS /api/admin/organizers 204 - 2ms","timestamp":"2026-07-18 18:54:14"}
{"level":"http","message":"GET /api/admin/organizers 200 - 96ms","timestamp":"2026-07-18 18:54:14"}
{"level":"http","message":"GET /api/admin/organizers 304 - 93ms","timestamp":"2026-07-18 18:54:14"}
{"level":"http","message":"OPTIONS /api/admin/password-resets 204 - 1ms","timestamp":"2026-07-18 18:54:18"}
{"level":"http","message":"OPTIONS /api/admin/password-resets 204 - 3ms","timestamp":"2026-07-18 18:54:18"}
{"level":"http","message":"GET /api/admin/password-resets 200 - 184ms","timestamp":"2026-07-18 18:54:19"}
{"level":"http","message":"GET /api/admin/password-resets 304 - 144ms","timestamp":"2026-07-18 18:54:19"}
{"level":"http","message":"GET /api/events/trending 304 - 43ms","timestamp":"2026-07-18 18:54:49"}
{"level":"http","message":"GET /api/events/trending 304 - 42ms","timestamp":"2026-07-18 18:54:49"}
{"level":"http","message":"GET /api/events?page=1&limit=12 304 - 141ms","timestamp":"2026-07-18 18:54:49"}
{"level":"http","message":"OPTIONS /api/auth/login 204 - 2ms","timestamp":"2026-07-18 18:55:47"}
{"level":"http","message":"POST /api/auth/login 200 - 335ms","timestamp":"2026-07-18 18:55:47"}
{"level":"http","message":"OPTIONS /api/admin/stats 204 - 2ms","timestamp":"2026-07-18 18:55:48"}
{"level":"http","message":"OPTIONS /api/admin/stats 204 - 2ms","timestamp":"2026-07-18 18:55:48"}
{"level":"http","message":"GET /api/admin/stats 304 - 101ms","timestamp":"2026-07-18 18:55:48"}
{"level":"http","message":"GET /api/admin/stats 304 - 104ms","timestamp":"2026-07-18 18:55:48"}
{"level":"http","message":"OPTIONS /api/auth/login 204 - 2ms","timestamp":"2026-07-18 18:55:55"}
{"level":"http","message":"POST /api/auth/login 200 - 325ms","timestamp":"2026-07-18 18:55:55"}
{"level":"http","message":"OPTIONS /api/events/organizer/dashboard 204 - 1ms","timestamp":"2026-07-18 18:55:55"}
{"level":"http","message":"OPTIONS /api/events/organizer/dashboard 204 - 2ms","timestamp":"2026-07-18 18:55:55"}
{"level":"http","message":"GET /api/events/organizer/dashboard 200 - 102ms","timestamp":"2026-07-18 18:55:55"}
{"level":"http","message":"GET /api/events/organizer/dashboard 304 - 99ms","timestamp":"2026-07-18 18:55:55"}
{"level":"http","message":"OPTIONS /api/auth/login 204 - 1ms","timestamp":"2026-07-18 18:56:02"}
{"level":"http","message":"POST /api/auth/login 200 - 295ms","timestamp":"2026-07-18 18:56:02"}
{"level":"http","message":"OPTIONS /api/participants/dashboard 204 - 2ms","timestamp":"2026-07-18 18:56:02"}
{"level":"http","message":"OPTIONS /api/participants/dashboard 204 - 2ms","timestamp":"2026-07-18 18:56:02"}
{"level":"http","message":"GET /api/participants/dashboard 200 - 211ms","timestamp":"2026-07-18 18:56:02"}
{"level":"http","message":"GET /api/participants/dashboard 304 - 190ms","timestamp":"2026-07-18 18:56:03"}
{"level":"http","message":"OPTIONS /api/auth/login 204 - 3ms","timestamp":"2026-07-18 18:56:11"}
{"level":"http","message":"POST /api/auth/login 200 - 305ms","timestamp":"2026-07-18 18:56:11"}
{"level":"http","message":"OPTIONS /api/participants/dashboard 204 - 2ms","timestamp":"2026-07-18 18:56:11"}
{"level":"http","message":"OPTIONS /api/participants/dashboard 204 - 2ms","timestamp":"2026-07-18 18:56:11"}
{"level":"http","message":"GET /api/participants/dashboard 304 - 193ms","timestamp":"2026-07-18 18:56:11"}
{"level":"http","message":"GET /api/participants/dashboard 304 - 187ms","timestamp":"2026-07-18 18:56:11"}
{"level":"http","message":"OPTIONS /api/auth/login 204 - 1ms","timestamp":"2026-07-18 18:56:22"}
{"level":"warn","message":"POST /api/auth/login 429 - 4ms","timestamp":"2026-07-18 18:56:22"}
{"level":"http","message":"OPTIONS /api/auth/login 204 - 2ms","timestamp":"2026-07-18 18:56:27"}
{"level":"warn","message":"POST /api/auth/login 429 - 3ms","timestamp":"2026-07-18 18:56:27"}
{"level":"warn","message":"POST /api/auth/login 429 - 4ms","timestamp":"2026-07-18 18:56:31"}
{"level":"http","message":"OPTIONS /api/auth/login 204 - 2ms","timestamp":"2026-07-18 18:56:35"}
{"level":"warn","message":"POST /api/auth/login 429 - 6ms","timestamp":"2026-07-18 18:56:35"}
{"level":"info","message":"🚀 Felicity Server running on port 5000","timestamp":"2026-07-18 18:58:01"}
{"level":"http","message":"OPTIONS /api/auth/login 204 - 12ms","timestamp":"2026-07-18 18:58:10"}
{"level":"http","message":"POST /api/auth/login 200 - 382ms","timestamp":"2026-07-18 18:58:11"}
{"level":"http","message":"OPTIONS /api/events/organizer/dashboard 204 - 3ms","timestamp":"2026-07-18 18:58:11"}
{"level":"http","message":"OPTIONS /api/events/organizer/dashboard 204 - 2ms","timestamp":"2026-07-18 18:58:11"}
{"level":"http","message":"GET /api/events/organizer/dashboard 304 - 123ms","timestamp":"2026-07-18 18:58:11"}
{"level":"http","message":"GET /api/events/organizer/dashboard 304 - 105ms","timestamp":"2026-07-18 18:58:11"}
{"level":"http","message":"OPTIONS /api/auth/login 204 - 3ms","timestamp":"2026-07-18 18:58:19"}
{"level":"http","message":"POST /api/auth/login 200 - 299ms","timestamp":"2026-07-18 18:58:19"}
{"level":"http","message":"OPTIONS /api/admin/stats 204 - 3ms","timestamp":"2026-07-18 18:58:19"}
{"level":"http","message":"OPTIONS /api/admin/stats 204 - 1ms","timestamp":"2026-07-18 18:58:19"}
{"level":"http","message":"GET /api/admin/stats 304 - 129ms","timestamp":"2026-07-18 18:58:19"}
{"level":"http","message":"GET /api/admin/stats 304 - 117ms","timestamp":"2026-07-18 18:58:19"}
{"level":"http","message":"POST /api/auth/login 200 - 301ms","timestamp":"2026-07-18 18:58:23"}
{"level":"http","message":"GET /api/admin/stats 304 - 110ms","timestamp":"2026-07-18 18:58:24"}
{"level":"http","message":"GET /api/admin/stats 304 - 105ms","timestamp":"2026-07-18 18:58:24"}
{"level":"http","message":"OPTIONS /api/auth/login 204 - 2ms","timestamp":"2026-07-18 18:58:27"}
{"level":"http","message":"POST /api/auth/login 200 - 310ms","timestamp":"2026-07-18 18:58:28"}
{"level":"http","message":"OPTIONS /api/admin/stats 204 - 2ms","timestamp":"2026-07-18 18:58:28"}
{"level":"http","message":"OPTIONS /api/admin/stats 204 - 3ms","timestamp":"2026-07-18 18:58:28"}
{"level":"http","message":"GET /api/admin/stats 304 - 106ms","timestamp":"2026-07-18 18:58:28"}
{"level":"http","message":"GET /api/admin/stats 304 - 105ms","timestamp":"2026-07-18 18:58:28"}
{"level":"http","message":"OPTIONS /api/auth/login 204 - 2ms","timestamp":"2026-07-18 18:58:32"}
{"level":"http","message":"POST /api/auth/login 200 - 306ms","timestamp":"2026-07-18 18:58:33"}
{"level":"http","message":"OPTIONS /api/admin/stats 204 - 1ms","timestamp":"2026-07-18 18:58:33"}
{"level":"http","message":"OPTIONS /api/admin/stats 204 - 3ms","timestamp":"2026-07-18 18:58:33"}
{"level":"http","message":"GET /api/admin/stats 304 - 105ms","timestamp":"2026-07-18 18:58:33"}
{"level":"http","message":"GET /api/admin/stats 304 - 105ms","timestamp":"2026-07-18 18:58:33"}
{"level":"warn","message":"POST /api/auth/login 429 - 4ms","timestamp":"2026-07-18 18:58:37"}
{"level":"http","message":"GET /api/events/trending 304 - 49ms","timestamp":"2026-07-18 19:00:22"}
{"level":"http","message":"GET /api/events/trending 304 - 45ms","timestamp":"2026-07-18 19:00:22"}
{"level":"http","message":"GET /api/events?page=1&limit=12 304 - 161ms","timestamp":"2026-07-18 19:00:22"}
{"level":"http","message":"GET /api/events/trending 304 - 48ms","timestamp":"2026-07-18 19:00:26"}
{"level":"http","message":"GET /api/events/trending 304 - 45ms","timestamp":"2026-07-18 19:00:26"}
{"level":"http","message":"GET /api/events?page=1&limit=12 304 - 146ms","timestamp":"2026-07-18 19:00:26"}
{"level":"http","message":"GET /api/events/trending 304 - 47ms","timestamp":"2026-07-18 19:00:40"}
{"level":"http","message":"GET /api/events/trending 304 - 44ms","timestamp":"2026-07-18 19:00:40"}
{"level":"http","message":"GET /api/events?page=1&limit=12 304 - 146ms","timestamp":"2026-07-18 19:00:40"}
{"level":"http","message":"GET /api/events/trending 304 - 45ms","timestamp":"2026-07-18 19:00:45"}
{"level":"http","message":"GET /api/events/trending 304 - 45ms","timestamp":"2026-07-18 19:00:45"}
{"level":"http","message":"GET /api/events?page=1&limit=12 304 - 153ms","timestamp":"2026-07-18 19:00:46"}
{"level":"http","message":"OPTIONS /api/auth/login 204 - 2ms","timestamp":"2026-07-18 19:02:21"}
{"level":"warn","message":"POST /api/auth/login 429 - 3ms","timestamp":"2026-07-18 19:02:21"}
{"level":"info","message":"🚀 Felicity Server running on port 5000","timestamp":"2026-07-18 19:18:01"}
{"level":"info","message":"🚀 Felicity Server running on port 5000","timestamp":"2026-07-18 19:26:55"}
{"level":"info","message":"🚀 Felicity Server running on port 5000","timestamp":"2026-07-18 19:37:00"}
{"level":"info","message":"🚀 Felicity Server running on port 5000","timestamp":"2026-07-18 19:38:18"}
